main.c:111:6:setCurcor	56	static
main.c:123:6:repositionPower	8	static
main.c:133:6:setup	8	static
main.c:143:6:drawEdge	200	static
main.c:161:6:updateTail	40	static
main.c:182:6:drawSnake	16	static
main.c:215:6:checkPosition	4	static
main.c:226:6:checkEatPower	8	static
main.c:237:6:checkEatTail	4	static
main.c:242:6:move	8	static
main.c:271:6:printScore	24	static
main.c:278:6:printDir	8	static
main.c:301:6:printPosition	48	static
main.c:314:6:printSpeed	32	static
main.c:322:6:printDes	8	static
main.c:329:6:printIns	104	static
main.c:352:6:HAL_UART_RxCpltCallback	16	static
main.c:394:5:main	32	static
main.c:451:6:SystemClock_Config	88	static
main.c:492:13:MX_USART2_UART_Init	8	static
main.c:521:13:MX_DMA_Init	16	static
main.c:538:13:MX_GPIO_Init	48	static
main.c:573:6:Error_Handler	4	static
